POST /v3/tickets.rapidpro.io/messages HTTP/1.1
Host: api.mailgun.net
User-Agent: Go-http-client/1.1
Content-Length: 839
Authorization: Basic ****************
Content-Type: multipart/form-data; boundary=e7187099-7d38-4f60-955c-325957214c42
Accept-Encoding: gzip

--e7187099-7d38-4f60-955c-325957214c42
Content-Disposition: form-data; name="from"

 via ACME <ticket+88bfa1dc-be33-45c2-b469-294ecb0eba90@tickets.rapidpro.io>
--e7187099-7d38-4f60-955c-325957214c42
Content-Disposition: form-data; name="to"

bob@acme.com
--e7187099-7d38-4f60-955c-325957214c42
Content-Disposition: form-data; name="subject"

Where my cookies?
--e7187099-7d38-4f60-955c-325957214c42
Content-Disposition: form-data; name="text"


* Ticket has been closed
* Replying to the contact will reopen this ticket
* View this contact at http://app.rapidpro.io/contact/read//

--e7187099-7d38-4f60-955c-325957214c42
Content-Disposition: form-data; name="h:In-Reply-To"

12
--e7187099-7d38-4f60-955c-325957214c42
Content-Disposition: form-data; name="h:References"

12
--e7187099-7d38-4f60-955c-325957214c42--
