POST /v3/tickets.rapidpro.io/messages HTTP/1.1
Host: api.mailgun.net
User-Agent: Go-http-client/1.1
Content-Length: 834
Authorization: Basic ****************
Content-Type: multipart/form-data; boundary=297611a6-b583-45c3-8587-d4e530c948f0
Accept-Encoding: gzip

--297611a6-b583-45c3-8587-d4e530c948f0
Content-Disposition: form-data; name="from"

Ryan Lewis via ACME <ticket+9688d21d-95aa-4bed-afc7-f31b35731a3d@tickets.rapidpro.io>
--297611a6-b583-45c3-8587-d4e530c948f0
Content-Disposition: form-data; name="to"

bob@acme.com
--297611a6-b583-45c3-8587-d4e530c948f0
Content-Disposition: form-data; name="subject"

Need help
--297611a6-b583-45c3-8587-d4e530c948f0
Content-Disposition: form-data; name="text"

New ticket opened
------------------------------------------------

Where are my cookies?

------------------------------------------------
* Reply to the contact by replying to this email
* Close this ticket by replying with CLOSE
* View this contact at http://app.rapidpro.io/contact/read/5d76d86b-3bb9-4d5a-b822-c9d86f5d8e4f/

--297611a6-b583-45c3-8587-d4e530c948f0--
