POST /v3/tickets.rapidpro.io/messages HTTP/1.1
Host: api.mailgun.net
User-Agent: Go-http-client/1.1
Content-Length: 886
Authorization: Basic YXBpOjEyMzQ1Njc4OQ==
Content-Type: multipart/form-data; boundary=9688d21d-95aa-4bed-afc7-f31b35731a3d
Accept-Encoding: gzip

--9688d21d-95aa-4bed-afc7-f31b35731a3d
Content-Disposition: form-data; name="from"

Bob <ticket+12446@tickets.rapidpro.io>
--9688d21d-95aa-4bed-afc7-f31b35731a3d
Content-Disposition: form-data; name="to"

support@acme.com
--9688d21d-95aa-4bed-afc7-f31b35731a3d
Content-Disposition: form-data; name="subject"

Need help
--9688d21d-95aa-4bed-afc7-f31b35731a3d
Content-Disposition: form-data; name="text"

Where are my cookies?
--9688d21d-95aa-4bed-afc7-f31b35731a3d
Content-Disposition: form-data; name="attachment"; filename="test.jpg"
Content-Type: image/jpeg

IMANIMAGE
--9688d21d-95aa-4bed-afc7-f31b35731a3d
Content-Disposition: form-data; name="attachment"; filename="test.mp4"
Content-Type: audio/mp4

IMAVIDEO
--9688d21d-95aa-4bed-afc7-f31b35731a3d
Content-Disposition: form-data; name="h:In-Reply-To"

12415
--9688d21d-95aa-4bed-afc7-f31b35731a3d--
