POST /v3/tickets.rapidpro.io/messages HTTP/1.1
Host: api.mailgun.net
User-Agent: Go-http-client/1.1
Content-Length: 837
Authorization: Basic ****************
Content-Type: multipart/form-data; boundary=59d74b86-3e2f-4a93-aece-b05d2fdcde0c
Accept-Encoding: gzip

--59d74b86-3e2f-4a93-aece-b05d2fdcde0c
Content-Disposition: form-data; name="from"

 via ACME <ticket+645eee60-7e84-4a9e-ade3-4fce01ae28f1@tickets.rapidpro.io>
--59d74b86-3e2f-4a93-aece-b05d2fdcde0c
Content-Disposition: form-data; name="to"

bob@acme.com
--59d74b86-3e2f-4a93-aece-b05d2fdcde0c
Content-Disposition: form-data; name="subject"

Where my shoes?
--59d74b86-3e2f-4a93-aece-b05d2fdcde0c
Content-Disposition: form-data; name="text"


* Ticket has been closed
* Replying to the contact will reopen this ticket
* View this contact at http://app.rapidpro.io/contact/read//

--59d74b86-3e2f-4a93-aece-b05d2fdcde0c
Content-Disposition: form-data; name="h:In-Reply-To"

14
--59d74b86-3e2f-4a93-aece-b05d2fdcde0c
Content-Disposition: form-data; name="h:References"

14
--59d74b86-3e2f-4a93-aece-b05d2fdcde0c--
