POST /cgi-bin/shop/topup HTTP/1.1
Host: airtime-api.dtone.com
User-Agent: Go-http-client/1.1
Content-Length: 76
Content-Type: application/x-www-form-urlencoded
Accept-Encoding: gzip

action=ping&key=1570634730123&login=joe&md5=dbbf7ba35d298f2772712124ef9aab4f